// Jest Snapshot v1, https://goo.gl/fbAQLP

exports[`Error Page Test Suite should render expected HTML 1`] = `"<img src=\\"404.png\\" alt=\\"404: Page not found\\" style=\\"width: 100%; height: 100vh;\\">"`;
