// Jest Snapshot v1, https://goo.gl/fbAQLP

exports[`Footer Test Suite should render expected HTML 1`] = `"<div class=\\"Footer-root-1 [object Object]\\"><header class=\\"MuiPaper-root-11 MuiPaper-elevation4-17 MuiAppBar-root-2 MuiAppBar-positionStatic-6 MuiAppBar-colorDefault-8\\"><div class=\\"MuiToolbar-root-38 MuiToolbar-regular-40 MuiToolbar-gutters-39\\"><p style=\\"float: right;\\">Â©2019 YoYo, Inc. All Rights Reserved.</p></div></header></div>"`;
